
==================================================
=== NEW EXECUTION SESSION STARTED ===
==================================================
2026-08-30 04:50:03,598 - INFO - Found 5 updaters. Starting execution...
2026-08-30 04:50:03,598 - INFO - ----------------------------------------
2026-08-30 04:50:03,598 - INFO - [RUNNING] github-updater...
2026-08-30 04:50:04,556 - INFO - [SUCCESS] github-updater
2026-08-30 04:50:04,556 - INFO - ----------------------------------------
2026-08-30 04:50:04,556 - INFO - [RUNNING] instagram-updater...
2026-08-30 04:50:28,787 - INFO - [SUCCESS] instagram-updater
2026-08-30 04:50:28,787 - INFO - ----------------------------------------
2026-08-30 04:50:28,787 - INFO - [RUNNING] leetcode-updater...
2026-08-30 04:50:29,053 - INFO - [SUCCESS] leetcode-updater
2026-08-30 04:50:29,053 - INFO - ----------------------------------------
2026-08-30 04:50:29,053 - INFO - [RUNNING] linkedin-updater...
2026-08-30 04:50:29,094 - INFO - [SKIPPED] linkedin-updater
2026-08-30 04:50:29,094 - INFO - ----------------------------------------
2026-08-30 04:50:29,094 - INFO - [RUNNING] youtube-updater...
2026-08-30 04:50:34,111 - INFO - [SUCCESS] youtube-updater
2026-08-30 04:50:34,111 - INFO - ----------------------------------------
2026-08-30 04:50:34,111 - INFO - [COMPLETE] 4 succeeded, 1 skipped, 0 failed.

==================================================
=== NEW EXECUTION SESSION STARTED ===
==================================================
2026-09-06 03:59:02,009 - INFO - Found 5 updaters. Starting execution...
2026-09-06 03:59:02,009 - INFO - ----------------------------------------
2026-09-06 03:59:02,010 - INFO - [RUNNING] github-updater...
2026-09-06 03:59:02,723 - INFO - [SUCCESS] github-updater
2026-09-06 03:59:02,723 - INFO - ----------------------------------------
2026-09-06 03:59:02,723 - INFO - [RUNNING] instagram-updater...
2026-09-06 03:59:29,336 - INFO - [SUCCESS] instagram-updater
2026-09-06 03:59:29,336 - INFO - ----------------------------------------
2026-09-06 03:59:29,337 - INFO - [RUNNING] leetcode-updater...
2026-09-06 03:59:29,645 - INFO - [SUCCESS] leetcode-updater
2026-09-06 03:59:29,645 - INFO - ----------------------------------------
2026-09-06 03:59:29,645 - INFO - [RUNNING] linkedin-updater...
2026-09-06 03:59:29,683 - INFO - [SKIPPED] linkedin-updater
2026-09-06 03:59:29,683 - INFO - ----------------------------------------
2026-09-06 03:59:29,683 - INFO - [RUNNING] youtube-updater...
2026-09-06 03:59:34,479 - INFO - [SUCCESS] youtube-updater
2026-09-06 03:59:34,479 - INFO - ----------------------------------------
2026-09-06 03:59:34,479 - INFO - [COMPLETE] 4 succeeded, 1 skipped, 0 failed.

==================================================
=== NEW EXECUTION SESSION STARTED ===
==================================================
2026-09-14 04:04:46,532 - INFO - Found 5 updaters. Starting execution...
2026-09-14 04:04:46,532 - INFO - ----------------------------------------
2026-09-14 04:04:46,533 - INFO - [RUNNING] github-updater...
2026-09-14 04:04:47,814 - INFO - [SUCCESS] github-updater
2026-09-14 04:04:47,814 - INFO - ----------------------------------------
2026-09-14 04:04:47,814 - INFO - [RUNNING] instagram-updater...
2026-09-14 04:05:20,000 - INFO - [SUCCESS] instagram-updater
2026-09-14 04:05:20,000 - INFO - ----------------------------------------
2026-09-14 04:05:20,000 - INFO - [RUNNING] leetcode-updater...
2026-09-14 04:05:20,360 - INFO - [SUCCESS] leetcode-updater
2026-09-14 04:05:20,360 - INFO - ----------------------------------------
2026-09-14 04:05:20,360 - INFO - [RUNNING] linkedin-updater...
2026-09-14 04:05:20,399 - INFO - [SKIPPED] linkedin-updater
2026-09-14 04:05:20,399 - INFO - ----------------------------------------
2026-09-14 04:05:20,399 - INFO - [RUNNING] youtube-updater...
2026-09-14 04:05:25,268 - INFO - [SUCCESS] youtube-updater
2026-09-14 04:05:25,268 - INFO - ----------------------------------------
2026-09-14 04:05:25,269 - INFO - [COMPLETE] 4 succeeded, 1 skipped, 0 failed.

==================================================
=== NEW EXECUTION SESSION STARTED ===
==================================================
2026-09-20 04:23:52,598 - INFO - Found 5 updaters. Starting execution...
2026-09-20 04:23:52,598 - INFO - ----------------------------------------
2026-09-20 04:23:52,598 - INFO - [RUNNING] github-updater...
2026-09-20 04:23:53,496 - INFO - [SUCCESS] github-updater
2026-09-20 04:23:53,496 - INFO - ----------------------------------------
2026-09-20 04:23:53,496 - INFO - [RUNNING] instagram-updater...
2026-09-20 04:24:21,689 - INFO - [SUCCESS] instagram-updater
2026-09-20 04:24:21,689 - INFO - ----------------------------------------
2026-09-20 04:24:21,689 - INFO - [RUNNING] leetcode-updater...
2026-09-20 04:24:22,031 - INFO - [SUCCESS] leetcode-updater
2026-09-20 04:24:22,031 - INFO - ----------------------------------------
2026-09-20 04:24:22,031 - INFO - [RUNNING] linkedin-updater...
2026-09-20 04:24:22,141 - INFO - [SKIPPED] linkedin-updater
2026-09-20 04:24:22,141 - INFO - ----------------------------------------
2026-09-20 04:24:22,141 - INFO - [RUNNING] youtube-updater...
2026-09-20 04:24:26,488 - INFO - [SUCCESS] youtube-updater
2026-09-20 04:24:26,488 - INFO - ----------------------------------------
2026-09-20 04:24:26,489 - INFO - [COMPLETE] 4 succeeded, 1 skipped, 0 failed.

==================================================
=== NEW EXECUTION SESSION STARTED ===
==================================================
2026-09-27 04:45:50,920 - INFO - Found 5 updaters. Starting execution...
2026-09-27 04:45:50,920 - INFO - ----------------------------------------
2026-09-27 04:45:50,920 - INFO - [RUNNING] github-updater...
2026-09-27 04:45:51,783 - INFO - [SUCCESS] github-updater
2026-09-27 04:45:51,783 - INFO - ----------------------------------------
2026-09-27 04:45:51,783 - INFO - [RUNNING] instagram-updater...
2026-09-27 04:46:15,684 - INFO - [SUCCESS] instagram-updater
2026-09-27 04:46:15,685 - INFO - ----------------------------------------
2026-09-27 04:46:15,685 - INFO - [RUNNING] leetcode-updater...
2026-09-27 04:46:16,036 - INFO - [SUCCESS] leetcode-updater
2026-09-27 04:46:16,037 - INFO - ----------------------------------------
2026-09-27 04:46:16,037 - INFO - [RUNNING] linkedin-updater...
2026-09-27 04:46:16,075 - INFO - [SKIPPED] linkedin-updater
2026-09-27 04:46:16,075 - INFO - ----------------------------------------
2026-09-27 04:46:16,075 - INFO - [RUNNING] youtube-updater...
2026-09-27 04:46:21,133 - INFO - [SUCCESS] youtube-updater
2026-09-27 04:46:21,133 - INFO - ----------------------------------------
2026-09-27 04:46:21,133 - INFO - [COMPLETE] 4 succeeded, 1 skipped, 0 failed.
