
==================================================
=== NEW UPDATER SESSION ===
==================================================
2026-08-23 01:44:28,323 - INFO - Loading creator...
2026-08-23 01:44:28,323 - INFO - Opening channel...
2026-08-23 01:44:28,323 - INFO - Extracting stats...
2026-08-23 01:44:33,403 - INFO - Writing JSON...
2026-08-23 01:44:33,404 - INFO - Completed.

==================================================
=== NEW UPDATER SESSION ===
==================================================
2026-08-30 04:50:29,224 - INFO - Loading creator...
2026-08-30 04:50:29,224 - INFO - Opening channel...
2026-08-30 04:50:29,224 - INFO - Extracting stats...
2026-08-30 04:50:34,082 - INFO - Writing JSON...
2026-08-30 04:50:34,082 - INFO - Completed.

==================================================
=== NEW UPDATER SESSION ===
==================================================
2026-09-06 03:59:29,813 - INFO - Loading creator...
2026-09-06 03:59:29,813 - INFO - Opening channel...
2026-09-06 03:59:29,813 - INFO - Extracting stats...
2026-09-06 03:59:34,453 - INFO - Writing JSON...
2026-09-06 03:59:34,454 - INFO - Completed.

==================================================
=== NEW UPDATER SESSION ===
==================================================
2026-09-14 04:05:20,529 - INFO - Loading creator...
2026-09-14 04:05:20,529 - INFO - Opening channel...
2026-09-14 04:05:20,529 - INFO - Extracting stats...
2026-09-14 04:05:25,242 - INFO - Writing JSON...
2026-09-14 04:05:25,242 - INFO - Completed.

==================================================
=== NEW UPDATER SESSION ===
==================================================
2026-09-20 04:24:22,255 - INFO - Loading creator...
2026-09-20 04:24:22,255 - INFO - Opening channel...
2026-09-20 04:24:22,255 - INFO - Extracting stats...
2026-09-20 04:24:26,464 - INFO - Writing JSON...
2026-09-20 04:24:26,464 - INFO - Completed.
