
==================================================
=== NEW UPDATER SESSION ===
==================================================
2026-08-30 04:50:03,976 - INFO - Extracting stats for HelloYug...
2026-08-30 04:50:04,538 - INFO - Successfully scraped HelloYug
2026-08-30 04:50:04,538 - INFO - Writing JSON...
2026-08-30 04:50:04,538 - INFO - Completed.

==================================================
=== NEW UPDATER SESSION ===
==================================================
2026-09-06 03:59:02,115 - INFO - Extracting stats for HelloYug...
2026-09-06 03:59:02,706 - INFO - Successfully scraped HelloYug
2026-09-06 03:59:02,706 - INFO - Writing JSON...
2026-09-06 03:59:02,707 - INFO - Completed.

==================================================
=== NEW UPDATER SESSION ===
==================================================
2026-09-14 04:04:46,640 - INFO - Extracting stats for HelloYug...
2026-09-14 04:04:47,797 - INFO - Successfully scraped HelloYug
2026-09-14 04:04:47,797 - INFO - Writing JSON...
2026-09-14 04:04:47,797 - INFO - Completed.

==================================================
=== NEW UPDATER SESSION ===
==================================================
2026-09-20 04:23:52,686 - INFO - Extracting stats for HelloYug...
2026-09-20 04:23:53,481 - INFO - Successfully scraped HelloYug
2026-09-20 04:23:53,481 - INFO - Writing JSON...
2026-09-20 04:23:53,482 - INFO - Completed.

==================================================
=== NEW UPDATER SESSION ===
==================================================
2026-09-27 04:45:51,027 - INFO - Extracting stats for HelloYug...
2026-09-27 04:45:51,766 - INFO - Successfully scraped HelloYug
2026-09-27 04:45:51,766 - INFO - Writing JSON...
2026-09-27 04:45:51,766 - INFO - Completed.
