
==================================================
=== NEW UPDATER SESSION ===
==================================================
2026-09-06 03:59:29,435 - INFO - Extracting stats for YugAgarwal704...
2026-09-06 03:59:29,631 - INFO - Successfully scraped YugAgarwal704
2026-09-06 03:59:29,631 - INFO - Writing JSON...
2026-09-06 03:59:29,631 - INFO - Completed.

==================================================
=== NEW UPDATER SESSION ===
==================================================
2026-09-14 04:05:20,100 - INFO - Extracting stats for YugAgarwal704...
2026-09-14 04:05:20,342 - INFO - Successfully scraped YugAgarwal704
2026-09-14 04:05:20,342 - INFO - Writing JSON...
2026-09-14 04:05:20,342 - INFO - Completed.

==================================================
=== NEW UPDATER SESSION ===
==================================================
2026-09-20 04:24:21,787 - INFO - Extracting stats for YugAgarwal704...
2026-09-20 04:24:21,938 - INFO - Successfully scraped YugAgarwal704
2026-09-20 04:24:21,938 - INFO - Writing JSON...
2026-09-20 04:24:22,015 - INFO - Completed.

==================================================
=== NEW UPDATER SESSION ===
==================================================
2026-09-27 04:46:15,784 - INFO - Extracting stats for YugAgarwal704...
2026-09-27 04:46:16,019 - INFO - Successfully scraped YugAgarwal704
2026-09-27 04:46:16,020 - INFO - Writing JSON...
2026-09-27 04:46:16,020 - INFO - Completed.

==================================================
=== NEW UPDATER SESSION ===
==================================================
2026-10-04 05:19:11,082 - INFO - Extracting stats for YugAgarwal704...
2026-10-04 05:19:11,717 - INFO - Successfully scraped YugAgarwal704
2026-10-04 05:19:11,717 - INFO - Writing JSON...
2026-10-04 05:19:11,717 - INFO - Completed.
